// Jest Snapshot v1, https://goo.gl/fbAQLP

exports[`inPost_userHistoryList render empty data correctly 1`] = `<PostListNoData />`;

exports[`inPost_userHistoryList to sort data correctly: friend return after stranger 1`] = `
<table
  className="table table-sm table-striped table-bordered"
  id="InShareReturnTable-react"
>
  <thead
    className="thead-light"
  >
    <tr>
      <th>
        date
      </th>
      <th>
        post
      </th>
      <th>
        lender
      </th>
    </tr>
  </thead>
  <tbody>
    <tr
      key="5be87dea0c0c37087779f79f"
    >
      <td>
        xx/xx/xx
      </td>
      <td>
        friend
      </td>
      <td>
        My Friend, my@friend.com
      </td>
    </tr>
    <tr
      key="5be87de80c0c37087779f79e"
    >
      <td>
        xx/xx/xx
      </td>
      <td>
        stranger
      </td>
      <td>
        Stranger Person, stranger@person.com
      </td>
    </tr>
  </tbody>
</table>
`;

exports[`inPost_userHistoryList to sort data correctly: friend return before stranger 1`] = `
<table
  className="table table-sm table-striped table-bordered"
  id="InShareReturnTable-react"
>
  <thead
    className="thead-light"
  >
    <tr>
      <th>
        date
      </th>
      <th>
        post
      </th>
      <th>
        lender
      </th>
    </tr>
  </thead>
  <tbody>
    <tr
      key="5be87de80c0c37087779f79e"
    >
      <td>
        xx/xx/xx
      </td>
      <td>
        stranger
      </td>
      <td>
        Stranger Person, stranger@person.com
      </td>
    </tr>
    <tr
      key="5be87dea0c0c37087779f79f"
    >
      <td>
        xx/xx/xx
      </td>
      <td>
        friend
      </td>
      <td>
        My Friend, my@friend.com
      </td>
    </tr>
  </tbody>
</table>
`;
