// Jest Snapshot v1, https://goo.gl/fbAQLP

exports[`InPostItem when render -> can match snapshot 1`] = `
<styled.div
  id="inPost-item-react"
>
  <InPostItemHead
    dateCreate={2018-11-19T01:34:24.839Z}
    postUserEmail="my@friend.com"
    postUserName="My Friend"
  />
  <PostItemBody
    post={
      Post {
        "dateCreate": 2018-11-19T01:34:24.839Z,
        "description": "post description",
        "id": "5bf213205407a8bb7557848d",
        "isActive": true,
        "shares": Array [],
        "title": "post title",
        "user": User {
          "email": "my@friend.com",
          "id": "5bf2130ed95b19000076af71",
          "name": "My Friend",
          "profileImageUrl": undefined,
        },
      }
    }
  />
  <Connect(InPostItemFoot)
    postId="5bf213205407a8bb7557848d"
  />
</styled.div>
`;
