// Jest Snapshot v1, https://goo.gl/fbAQLP

exports[`inPostItem_head when render -> match snapshot 1`] = `
<styled.div>
  <styled.div>
    <span
      className="text-primary font-weight-bold"
    >
      Lu
    </span>
    <span
      className="text-secondary font-weight-light"
    >
       abc@efg.com
    </span>
  </styled.div>
  <div
    className="text-secondary font-weight-light"
  >
    post on: xx/xx/xx
  </div>
</styled.div>
`;
