// Jest Snapshot v1, https://goo.gl/fbAQLP

exports[`inPostItem_foot_request to match snapshot 1`] = `
<div
  className="text-success"
>
  <span
    className="mr-1"
  >
    you're in the waiting list.
  </span>
  <button
    className="btn btn-warning"
    id="outPostItem-undoRequestBtn-react"
    onClick={[Function]}
  >
    undo
  </button>
</div>
`;
